...................                                                      [100%]
19 passed in 14.79s
